{
    "@context": "http://localhost/odata/$metadata#passengers(name,chips)",
    "value": [
        {
            "name": "Beta",
            "chips": false
        },
        {
            "name": "Delta",
            "chips": null
        },
        {
            "name": "Epsilon",
            "chips": null
        }
    ]
}
