{
    "@context": "http://localhost/odata/$metadata#passengers(name)",
    "value": [
        {
            "name": "Alpha"
        }
    ]
}
