{
    "headers": {
        "cache-control": [
            "no-cache, private"
        ],
        "content-type": [
            "application/json"
        ]
    },
    "status": 500
}
