{
    "$Version": "4.01",
    "$EntityContainer": "com.example.odata.DefaultContainer",
    "$Reference": {
        "https://oasis-tcs.github.io/odata-vocabularies/vocabularies/Org.OData.Core.V1.json": {
            "$Include": [
                {
                    "$Namespace": "Org.OData.Core.V1"
                }
            ]
        },
        "https://oasis-tcs.github.io/odata-vocabularies/vocabularies/Org.OData.Capabilities.V1.json": {
            "$Include": [
                {
                    "$Namespace": "Org.OData.Capabilities.V1"
                }
            ]
        }
    },
    "com.example.odata": {
        "$Kind": "EntityContainer",
        "Flights": {
            "$EntityType": "com.example.odata.Flight",
            "@Org.OData.Capabilities.V1.CountRestrictions": {
                "Countable": true
            },
            "@Org.OData.Capabilities.V1.TopSupported": true,
            "@Org.OData.Capabilities.V1.SkipSupported": true,
            "@Org.OData.Capabilities.V1.FilterRestrictions": {
                "Filterable": true
            },
            "@Org.OData.Capabilities.V1.SortRestrictions": {
                "Sortable": true
            },
            "@Org.OData.Capabilities.V1.ExpandRestrictions": {
                "Expandable": true
            },
            "@Org.OData.Capabilities.V1.SearchRestrictions": {
                "Searchable": true
            },
            "@Org.OData.Capabilities.V1.InsertRestrictions": {
                "Insertable": true
            },
            "@Org.OData.Capabilities.V1.UpdateRestrictions": {
                "Updatable": true,
                "DeltaUpdateSupported": true
            },
            "@Org.OData.Capabilities.V1.DeleteRestrictions": {
                "Deletable": true
            },
            "@Org.OData.Capabilities.V1.ReadRestrictions": {
                "Readable": true
            },
            "@Org.OData.Capabilities.V1.IndexableByKey": true,
            "@Org.OData.Capabilities.V1.SelectSupport": {
                "Supported": true
            },
            "@Org.OData.Capabilities.V1.DeepInsertSupport": {
                "Supported": true,
                "ContentIDSupported": true
            }
        },
        "helloImport": {
            "$Function": "com.example.odata.hello"
        },
        "identityImport": {
            "$Function": "com.example.odata.identity"
        },
        "addImport": {
            "$Function": "com.example.odata.add"
        },
        "execImport": {
            "$Action": "com.example.odata.exec"
        },
        "exec2Import": {
            "$Action": "com.example.odata.exec2"
        },
        "Passengers": {
            "$EntityType": "com.example.odata.Passenger",
            "$NavigationPropertyBinding": {
                "MyPets": "Pets"
            },
            "@Org.OData.Capabilities.V1.CountRestrictions": {
                "Countable": true
            },
            "@Org.OData.Capabilities.V1.TopSupported": true,
            "@Org.OData.Capabilities.V1.SkipSupported": true,
            "@Org.OData.Capabilities.V1.FilterRestrictions": {
                "Filterable": true
            },
            "@Org.OData.Capabilities.V1.SortRestrictions": {
                "Sortable": true
            },
            "@Org.OData.Capabilities.V1.ExpandRestrictions": {
                "Expandable": true
            },
            "@Org.OData.Capabilities.V1.SearchRestrictions": {
                "Searchable": true
            },
            "@Org.OData.Capabilities.V1.InsertRestrictions": {
                "Insertable": true
            },
            "@Org.OData.Capabilities.V1.UpdateRestrictions": {
                "Updatable": true,
                "DeltaUpdateSupported": true
            },
            "@Org.OData.Capabilities.V1.DeleteRestrictions": {
                "Deletable": true
            },
            "@Org.OData.Capabilities.V1.ReadRestrictions": {
                "Readable": true
            },
            "@Org.OData.Capabilities.V1.IndexableByKey": true,
            "@Org.OData.Capabilities.V1.SelectSupport": {
                "Supported": true
            },
            "@Org.OData.Capabilities.V1.DeepInsertSupport": {
                "Supported": true,
                "ContentIDSupported": true
            }
        },
        "Pets": {
            "$EntityType": "com.example.odata.Pet",
            "$NavigationPropertyBinding": {
                "passenger": "Passengers"
            },
            "@Org.OData.Capabilities.V1.CountRestrictions": {
                "Countable": true
            },
            "@Org.OData.Capabilities.V1.TopSupported": true,
            "@Org.OData.Capabilities.V1.SkipSupported": true,
            "@Org.OData.Capabilities.V1.FilterRestrictions": {
                "Filterable": true
            },
            "@Org.OData.Capabilities.V1.SortRestrictions": {
                "Sortable": true
            },
            "@Org.OData.Capabilities.V1.ExpandRestrictions": {
                "Expandable": true
            },
            "@Org.OData.Capabilities.V1.SearchRestrictions": {
                "Searchable": true
            },
            "@Org.OData.Capabilities.V1.InsertRestrictions": {
                "Insertable": true
            },
            "@Org.OData.Capabilities.V1.UpdateRestrictions": {
                "Updatable": true,
                "DeltaUpdateSupported": true
            },
            "@Org.OData.Capabilities.V1.DeleteRestrictions": {
                "Deletable": true
            },
            "@Org.OData.Capabilities.V1.ReadRestrictions": {
                "Readable": true
            },
            "@Org.OData.Capabilities.V1.IndexableByKey": true,
            "@Org.OData.Capabilities.V1.SelectSupport": {
                "Supported": true
            },
            "@Org.OData.Capabilities.V1.DeepInsertSupport": {
                "Supported": true,
                "ContentIDSupported": true
            }
        },
        "insargImport": {
            "$Function": "com.example.odata.insarg"
        },
        "$Annotations": {
            "com.example.odata.DefaultContainer": {
                "@Org.OData.Core.V1.ConventionalIDs": true,
                "@Org.OData.Core.V1.DefaultNamespace": true,
                "@Org.OData.Core.V1.DereferencableIDs": true,
                "@Org.OData.Core.V1.ODataVersions": "4.01",
                "@Org.OData.Capabilities.V1.AsynchronousRequestsSupported": true,
                "@Org.OData.Capabilities.V1.BatchSupported": true,
                "@Org.OData.Capabilities.V1.BatchSupport": {
                    "Supported": true,
                    "EtagReferencesSupported": true,
                    "SupportedFormats": [
                        "application/json",
                        "multipart/mixed"
                    ]
                },
                "@Org.OData.Capabilities.V1.CallbackSupported": {
                    "CallbackProtocols": [
                        {
                            "Id": "http"
                        }
                    ]
                },
                "@Org.OData.Capabilities.V1.ConformanceLevel": "Org.OData.Capabilities.V1.ConformanceLevelType/Advanced",
                "@Org.OData.Capabilities.V1.KeyAsSegmentSupported": true,
                "@Org.OData.Capabilities.V1.QuerySegmentSupported": true,
                "@Org.OData.Capabilities.V1.SupportedFormats": [
                    "application/json;metadata=full;IEEE754Compatible=true;streaming=true",
                    "application/json;metadata=minimal;IEEE754Compatible=true;streaming=true",
                    "application/json;metadata=none;IEEE754Compatible=true;streaming=true"
                ],
                "@Org.OData.Capabilities.V1.SupportedMetadataFormats": [
                    "application/json",
                    "application/xml"
                ]
            }
        }
    },
    "Flight": {
        "$Kind": "EntityType",
        "$Key": [
            "id"
        ],
        "id": {
            "$Type": "Edm.Int64",
            "$Nullable": false,
            "@Org.OData.Core.V1.Computed": true
        },
        "origin": {
            "$Type": "Edm.String",
            "$Nullable": true
        },
        "destination": {
            "$Type": "Edm.String",
            "$Nullable": true
        },
        "gate": {
            "$Type": "Edm.Int32",
            "$Nullable": true
        },
        "duration": {
            "$Type": "Edm.Decimal",
            "$Nullable": true
        }
    },
    "Passenger": {
        "$Kind": "EntityType",
        "$Key": [
            "id"
        ],
        "id": {
            "$Type": "Edm.Int64",
            "$Nullable": false,
            "@Org.OData.Core.V1.Computed": true
        },
        "flight_id": {
            "$Type": "Edm.Int64",
            "$Nullable": true
        },
        "name": {
            "$Type": "Edm.String",
            "$Nullable": false
        },
        "dob": {
            "$Type": "Edm.DateTimeOffset",
            "$Nullable": true
        },
        "age": {
            "$Type": "Edm.Decimal",
            "$Nullable": true
        },
        "chips": {
            "$Type": "Edm.Boolean",
            "$Nullable": true
        },
        "dq": {
            "$Type": "Edm.Date",
            "$Nullable": true
        },
        "in_role": {
            "$Type": "Edm.Decimal",
            "$Nullable": true
        },
        "open_time": {
            "$Type": "Edm.TimeOfDay",
            "$Nullable": true
        },
        "colour": {
            "$Type": "com.example.odata.Colours",
            "$Nullable": true
        },
        "sock_colours": {
            "$Type": "com.example.odata.MultiColours",
            "$Nullable": true
        },
        "emails": {
            "$Collection": true,
            "$Type": "Edm.String",
            "$Nullable": false
        },
        "MyPets": {
            "$Collection": true,
            "$Type": "com.example.odata.Pet",
            "$Nullable": true,
            "$ReferentialConstraint": {
                "id": "passenger_id"
            },
            "@Org.OData.Core.V1.Description": "All my pets"
        }
    },
    "Pet": {
        "$Kind": "EntityType",
        "$Key": [
            "id"
        ],
        "id": {
            "$Type": "Edm.Int64",
            "$Nullable": false,
            "@Org.OData.Core.V1.Computed": true
        },
        "passenger_id": {
            "$Type": "Edm.Int64",
            "$Nullable": true
        },
        "name": {
            "$Type": "Edm.String",
            "$Nullable": true
        },
        "type": {
            "$Type": "Edm.String",
            "$Nullable": true
        },
        "passenger": {
            "$Collection": false,
            "$Type": "com.example.odata.Passenger",
            "$Nullable": true,
            "$ReferentialConstraint": {
                "passenger_id": "id"
            }
        }
    },
    "Colours": {
        "$Kind": "EnumType",
        "$IsFlags": false,
        "Red": 1,
        "Green": 2,
        "Blue": 4,
        "Brown": 8,
        "$UnderlyingType": "Edm.Int64"
    },
    "MultiColours": {
        "$Kind": "EnumType",
        "$IsFlags": true,
        "Red": 1,
        "Green": 2,
        "Blue": 4,
        "Brown": 8,
        "$UnderlyingType": "Edm.Int64"
    },
    "hello": {
        "$Kind": "Function",
        "$IsBound": false,
        "$ReturnType": {
            "$Collection": false,
            "$Type": "Edm.String",
            "$Nullable": false
        }
    },
    "identity": {
        "$Kind": "Function",
        "$IsBound": false,
        "$Parameter": [
            {
                "$Name": "arg",
                "$Nullable": false,
                "$Type": "Edm.String"
            }
        ],
        "$ReturnType": {
            "$Collection": false,
            "$Type": "Edm.String",
            "$Nullable": false
        }
    },
    "name": {
        "$Kind": "Function",
        "$IsBound": true,
        "$Parameter": [
            {
                "$Name": "Flight",
                "$Nullable": false,
                "$Type": "com.example.odata.Flight"
            }
        ],
        "$ReturnType": {
            "$Collection": false,
            "$Type": "Edm.String",
            "$Nullable": false
        }
    },
    "i1": {
        "$Kind": "Function",
        "$IsBound": true,
        "$Parameter": [
            {
                "$Name": "Flight",
                "$Nullable": false,
                "$Type": "com.example.odata.Flight"
            }
        ],
        "$ReturnType": {
            "$Collection": false,
            "$Type": "com.example.odata.Flight",
            "$Nullable": false
        }
    },
    "add": {
        "$Kind": "Function",
        "$IsBound": false,
        "$Parameter": [
            {
                "$Name": "a",
                "$Nullable": false,
                "$Type": "Edm.Int64"
            },
            {
                "$Name": "b",
                "$Nullable": false,
                "$Type": "Edm.Int64"
            }
        ],
        "$ReturnType": {
            "$Collection": false,
            "$Type": "Edm.Int64",
            "$Nullable": false
        }
    },
    "increment": {
        "$Kind": "Function",
        "$IsBound": true,
        "$Parameter": [
            {
                "$Name": "a",
                "$Nullable": false,
                "$Type": "Edm.Int64"
            }
        ],
        "$ReturnType": {
            "$Collection": false,
            "$Type": "Edm.Int64",
            "$Nullable": false
        }
    },
    "exec": {
        "$Kind": "Action",
        "$IsBound": false,
        "$ReturnType": {
            "$Collection": false,
            "$Type": "Edm.String",
            "$Nullable": true
        }
    },
    "exec2": {
        "$Kind": "Action",
        "$IsBound": false,
        "$ReturnType": {
            "$Collection": false,
            "$Type": "Edm.String",
            "$Nullable": true
        }
    },
    "insarg": {
        "$Kind": "Function",
        "$IsBound": false,
        "$ReturnType": {
            "$Collection": false,
            "$Type": "Edm.String",
            "$Nullable": false
        }
    }
}
