@@ @@
         "flight_id": 1,
         "colour": 2,
         "sock_colours": 6,
-        "emails": [
-            "alpha@example.com",
-            "alpha@beta.com"
-        ]
+        "emails": []
     },
     {
         "_id": "beta",
