<?xml version="1.0" encoding="utf-8"?>
<edmx:Edmx xmlns:edmx="http://docs.oasis-open.org/odata/ns/edmx" Version="4.01">
  <edmx:Reference Uri="https://oasis-tcs.github.io/odata-vocabularies/vocabularies/Org.OData.Core.V1.xml">
    <edmx:Include Namespace="Org.OData.Core.V1"/>
  </edmx:Reference>
  <edmx:Reference Uri="https://oasis-tcs.github.io/odata-vocabularies/vocabularies/Org.OData.Capabilities.V1.xml">
    <edmx:Include Namespace="Org.OData.Capabilities.V1"/>
  </edmx:Reference>
  <edmx:DataServices>
    <Schema xmlns="http://docs.oasis-open.org/odata/ns/edm" Namespace="com.example.odata">
      <EntityContainer Name="DefaultContainer">
        <EntitySet Name="Alternative" EntityType="com.example.odata.AlternativeType">
          <Annotation Term="Org.OData.Capabilities.V1.CountRestrictions">
            <Record>
              <PropertyValue Property="Countable" Bool="true"/>
            </Record>
          </Annotation>
          <Annotation Term="Org.OData.Capabilities.V1.TopSupported" Bool="true"/>
          <Annotation Term="Org.OData.Capabilities.V1.SkipSupported" Bool="true"/>
          <Annotation Term="Org.OData.Capabilities.V1.FilterRestrictions">
            <Record>
              <PropertyValue Property="Filterable" Bool="true"/>
            </Record>
          </Annotation>
          <Annotation Term="Org.OData.Capabilities.V1.SortRestrictions">
            <Record>
              <PropertyValue Property="Sortable" Bool="true"/>
            </Record>
          </Annotation>
          <Annotation Term="Org.OData.Capabilities.V1.ExpandRestrictions">
            <Record>
              <PropertyValue Property="Expandable" Bool="true"/>
            </Record>
          </Annotation>
          <Annotation Term="Org.OData.Capabilities.V1.SearchRestrictions">
            <Record>
              <PropertyValue Property="Searchable" Bool="true"/>
            </Record>
          </Annotation>
          <Annotation Term="Org.OData.Capabilities.V1.InsertRestrictions">
            <Record>
              <PropertyValue Property="Insertable" Bool="true"/>
            </Record>
          </Annotation>
          <Annotation Term="Org.OData.Capabilities.V1.UpdateRestrictions">
            <Record>
              <PropertyValue Property="Updatable" Bool="true"/>
              <PropertyValue Property="DeltaUpdateSupported" Bool="true"/>
            </Record>
          </Annotation>
          <Annotation Term="Org.OData.Capabilities.V1.DeleteRestrictions">
            <Record>
              <PropertyValue Property="Deletable" Bool="true"/>
            </Record>
          </Annotation>
          <Annotation Term="Org.OData.Capabilities.V1.ReadRestrictions">
            <Record>
              <PropertyValue Property="Readable" Bool="true"/>
            </Record>
          </Annotation>
          <Annotation Term="Org.OData.Capabilities.V1.IndexableByKey" Bool="true"/>
          <Annotation Term="Org.OData.Capabilities.V1.SelectSupport">
            <Record>
              <PropertyValue Property="Supported" Bool="true"/>
            </Record>
          </Annotation>
          <Annotation Term="Org.OData.Capabilities.V1.DeepInsertSupport">
            <Record>
              <PropertyValue Property="Supported" Bool="true"/>
              <PropertyValue Property="ContentIDSupported" Bool="true"/>
            </Record>
          </Annotation>
        </EntitySet>
      </EntityContainer>
      <EnumType Name="Colours" UnderlyingType="Edm.Int64" IsFlags="false">
        <Member Name="Red" Value="1"/>
        <Member Name="Green" Value="2"/>
        <Member Name="Blue" Value="4"/>
        <Member Name="Brown" Value="8"/>
      </EnumType>
      <EnumType Name="MultiColours" UnderlyingType="Edm.Int64" IsFlags="true">
        <Member Name="Red" Value="1"/>
        <Member Name="Green" Value="2"/>
        <Member Name="Blue" Value="4"/>
        <Member Name="Brown" Value="8"/>
      </EnumType>
      <ComplexType Name="Recs"/>
      <EntityType Name="AlternativeType">
        <Key>
          <PropertyRef Name="Id"/>
        </Key>
        <Property Name="Id" Type="Edm.Guid" Nullable="false"/>
        <Property Name="One" Type="Edm.Boolean" Nullable="true"/>
        <Property Name="Two" Type="Edm.Byte" Nullable="true"/>
        <Property Name="Three" Type="Collection(Edm.Untyped)" Nullable="false"/>
        <Property Name="ThreeOne" Type="Collection(Edm.SByte)" Nullable="false"/>
        <Property Name="ThreeTwo" Type="Collection(com.example.odata.Recs)" Nullable="false"/>
        <Property Name="ThreeThree" Type="Collection(com.example.odata.Colours)" Nullable="false"/>
        <Property Name="Four" Type="Edm.Date" Nullable="true"/>
        <Property Name="Five" Type="Edm.DateTimeOffset" Nullable="true"/>
        <Property Name="Six" Type="Edm.Decimal" Nullable="false"/>
        <Property Name="SixOne" Type="Edm.Decimal" Nullable="true" Precision="5"/>
        <Property Name="SixTwo" Type="Edm.Decimal" Nullable="true" Precision="5" Scale="5"/>
        <Property Name="SixThree" Type="Edm.Decimal" Nullable="true" Precision="5" Scale="variable"/>
        <Property Name="Seven" Type="Edm.Double" Nullable="true"/>
        <Property Name="Eight" Type="Edm.Duration" Nullable="false"/>
        <Property Name="Nine" Type="com.example.odata.Colours" Nullable="true"/>
        <Property Name="NineOne" Type="com.example.odata.Colours" Nullable="true"/>
        <Property Name="NineTwo" Type="com.example.odata.MultiColours" Nullable="true"/>
        <Property Name="Ten" Type="Edm.Int16" Nullable="true"/>
        <Property Name="Eleven" Type="Edm.Int32" Nullable="true"/>
        <Property Name="Twelve" Type="Edm.Int64" Nullable="true"/>
        <Property Name="Thirteen" Type="Edm.SByte" Nullable="true"/>
        <Property Name="Fourteen" Type="Edm.Single" Nullable="true"/>
        <Property Name="Fifteen" Type="Edm.String" Nullable="true"/>
        <Property Name="FifteenOne" Type="Edm.String" Nullable="true" MaxLength="4"/>
        <Property Name="Sixteen" Type="Edm.TimeOfDay" Nullable="true"/>
        <Property Name="Seventeen" Type="com.example.odata.UInt16" Nullable="true"/>
        <Property Name="Eighteen" Type="com.example.odata.UInt32" Nullable="true"/>
        <Property Name="Nineteen" Type="com.example.odata.UInt64" Nullable="true"/>
        <Property Name="Twenty" Type="Edm.String" Nullable="true">
          <Annotation Term="Org.OData.Core.V1.Description" String="This is the *description*"/>
        </Property>
      </EntityType>
      <Annotations Target="com.example.odata.DefaultContainer">
        <Annotation Term="Org.OData.Core.V1.ConventionalIDs" Bool="true"/>
        <Annotation Term="Org.OData.Core.V1.DefaultNamespace" Bool="true"/>
        <Annotation Term="Org.OData.Core.V1.DereferencableIDs" Bool="true"/>
        <Annotation Term="Org.OData.Core.V1.ODataVersions" String="4.01"/>
        <Annotation Term="Org.OData.Capabilities.V1.AsynchronousRequestsSupported" Bool="true"/>
        <Annotation Term="Org.OData.Capabilities.V1.BatchSupported" Bool="true"/>
        <Annotation Term="Org.OData.Capabilities.V1.BatchSupport">
          <Record>
            <PropertyValue Property="Supported" Bool="true"/>
            <PropertyValue Property="EtagReferencesSupported" Bool="true"/>
            <PropertyValue Property="SupportedFormats">
              <Collection>
                <String>application/json</String>
                <String>multipart/mixed</String>
              </Collection>
            </PropertyValue>
          </Record>
        </Annotation>
        <Annotation Term="Org.OData.Capabilities.V1.CallbackSupported">
          <Record>
            <PropertyValue Property="CallbackProtocols">
              <Collection>
                <Record>
                  <PropertyValue Property="Id" String="http"/>
                </Record>
              </Collection>
            </PropertyValue>
          </Record>
        </Annotation>
        <Annotation Term="Org.OData.Capabilities.V1.ConformanceLevel" EnumMember="Org.OData.Capabilities.V1.ConformanceLevelType/Advanced"/>
        <Annotation Term="Org.OData.Capabilities.V1.KeyAsSegmentSupported" Bool="true"/>
        <Annotation Term="Org.OData.Capabilities.V1.QuerySegmentSupported" Bool="true"/>
        <Annotation Term="Org.OData.Capabilities.V1.SupportedFormats">
          <Collection>
            <String>application/json;metadata=full;IEEE754Compatible=true;streaming=true</String>
            <String>application/json;metadata=minimal;IEEE754Compatible=true;streaming=true</String>
            <String>application/json;metadata=none;IEEE754Compatible=true;streaming=true</String>
          </Collection>
        </Annotation>
        <Annotation Term="Org.OData.Capabilities.V1.SupportedMetadataFormats">
          <Collection>
            <String>application/json</String>
            <String>application/xml</String>
          </Collection>
        </Annotation>
      </Annotations>
    </Schema>
  </edmx:DataServices>
</edmx:Edmx>
