{
    "@context": "http://localhost/odata/$metadata#passengers/$entity",
    "id": "zeta",
    "name": "Zeta",
    "aage": 22,
    "dob": null,
    "chips": null,
    "dq": null,
    "in_role": null,
    "open_time": null,
    "flight_id": null,
    "colour": null,
    "sock_colours": null,
    "emails": []
}
