@@ @@
         "in_role": 888.9,
         "colour": null,
         "sock_colours": null
+    },
+    "zeta": {
+        "id": "zeta",
+        "name": "lhr",
+        "invalid": "ooo"
     }
 }
