{
    "headers": {
        "cache-control": [
            "no-cache, private"
        ],
        "content-type": [
            "application/json;metadata=minimal"
        ],
        "odata-version": [
            "4.01"
        ],
        "location": [
            "http://localhost/odata/passengers('oobleck')"
        ],
        "etag": [
            "W/\"e6f6f7f635ce8652bad318c202bfadbac419782ff0fbd286715cf797f7e019e2\""
        ]
    },
    "status": 201
}
