@@ @@
         "in_role": 888.9,
         "colour": 0,
         "sock_colours": 0
+    },
+    {
+        "_id": "oobleck",
+        "name": "Oobleck"
     }
 ]
