{
    "@context": "http://localhost/odata/$metadata#passengers/$entity",
    "name": "lhr",
    "invalid": "ooo",
    "_id": "lhr",
    "age": null,
    "dob": null,
    "chips": null,
    "dq": null,
    "in_role": null,
    "open_time": null,
    "flight_id": null,
    "colour": null,
    "sock_colours": null,
    "emails": []
}
