expression: now() eq 10:00:00
result: ( NOW( ) = ? )
parameters: 10:00:00.000
