expression: id add 3.14 add 5 in (1.59, 2.14)
result: ( ( "flights"."id" + ? ) + ? IN ( ?, ? ) )
parameters: 3.14,5,1.59,2.14
