expression: origin eq 2000-01-01T12:34:59-01:00
result: ( "flights"."origin" = ? )
parameters: 2000-01-01 12:34:59
