expression: endswith(origin,'Veniam et') eq true and not (startswith(origin,'Veniam et') eq true)
result: ( ( "flights"."origin" LIKE ? ) AND ( NOT ( "flights"."origin" LIKE ? ) ) )
parameters: %Veniam et,Veniam et%
