{
    "$eq": [
        {
            "$floor": "$origin"
        },
        4
    ]
}
