expression: (contains(tolower(cast(origin, 'Edm.String')),'alpha')) or (contains(tolower(cast(origin, 'Edm.String')),'alpha'))
result: ( contains( tolower( cast( origin, 'Edm.String' ) ), 'alpha' ) or contains( tolower( cast( origin, 'Edm.String' ) ), 'alpha' ) )
