{
    "$gt": [
        "$origin",
        {
            "$subtract": [
                "$$NOW",
                180
            ]
        }
    ]
}
