{
    "$gt": [
        {
            "$regexMatch": {
                "input": "$origin",
                "regex": "^Veniam et"
            }
        },
        4
    ]
}
