expression: floor(origin) eq 4
result: ( FLOOR( "flights"."origin" ) = ? )
parameters: 4
