{
    "$eq": [
        "$origin",
        {
            "$subtract": [
                4,
                3
            ]
        }
    ]
}
