{
    "$eq": [
        {
            "$toUpper": "$origin"
        },
        "abc123"
    ]
}
