expression: (id lt 4 a
result: Encountered an invalid symbol at: (id lt 4> <a
