{
    "$or": [
        {
            "$add": [
                "$id",
                {
                    "$in": [
                        3.14,
                        [
                            1.59,
                            2.14
                        ]
                    ]
                }
            ]
        },
        {
            "$and": [
                {
                    "$gt": [
                        "$id",
                        -2.4
                    ]
                },
                {
                    "$gt": [
                        "$id",
                        {
                            "$add": [
                                4,
                                5
                            ]
                        }
                    ]
                }
            ]
        }
    ]
}
