expression: matchesPattern(origin,'^A.*e$')
result: REGEXP_LIKE( "flights"."origin", ? )
parameters: ^A.*e$
