expression: origin eq 4 add 3
result: ( "flights"."origin" = ( ? + ? ) )
parameters: 4,3
