expression: minute(origin) eq 33
result: ( DATE_PART( 'MINUTE', "flights"."origin" ::timestamp)::integer = ? )
parameters: 33
