expression: origin in ('a', 'b', 'c')
result: "flights"."origin" IN ( ?, ?, ? )
parameters: a,b,c
