expression: hour(origin) eq 3
result: ( DATE_PART( 'HOUR', "flights"."origin" ::timestamp)::integer = ? )
parameters: 3
