expression: origin gt 4
result: ( "flights"."origin" > ? )
parameters: 4
