expression: minute(origin) eq 33
result: ( MINUTE( "flights"."origin" ) = ? )
parameters: 33
