{
    "$eq": [
        {
            "$indexOfCP": [
                "$origin",
                "abc123"
            ]
        },
        1
    ]
}
