expression: endswith(origin, 'b')
result: "flights"."origin" LIKE ?
parameters: %b
