expression: airports/all(d:d/name eq 'hello')
result: ( "flights"."origin" = ALL ( SELECT "airports"."code" from "airports" WHERE ( "airports"."name" = ? ) ) ) OR  ( "flights"."destination" = ALL ( SELECT "airports"."code" from "airports" WHERE ( "airports"."name" = ? ) ) )
parameters: hello,hello
